---
source: src/test.rs
expression: parser.parse(document).unwrap()
---
- Plan:
    count: 0
    reason: ~

