---
source: src/test.rs
expression: parser.statements()
---
[]

