---
source: src/test.rs
expression: parser.parse(&nested_doc).unwrap()
---
- Plan:
    count: 1
    reason: ~
- Subtest:
    name: inner
    statements:
      - Plan:
          count: 0
          reason: ~
    ending:
      result: true
      number: 1
      desc: inner
      directive: ~
      yaml: []

